lunadiag  version 8.0  Date: Oct 17 2011 Time: 13:59:38
Detecting Luna devices ...
Detection complete.

----------------------------------------
lunadiag  version 8.0  Date: Oct 17 2011 Time: 13:59:38
----------------------------------------
Slot under test: 1

[Testing slot 1]
Firmware: 6.2.1
